// Jest Snapshot v1, https://goo.gl/fbAQLP

exports[`Header Component renders correctly 1`] = `
<div>
  <div
    className={undefined}
    style={
      Object {
        "WebkitTapHighlightColor": "rgba(0,0,0,0)",
        "backgroundColor": "#00838f",
        "boxSizing": "border-box",
        "display": "flex",
        "height": 56,
        "justifyContent": "space-between",
        "muiPrepared": true,
        "padding": "0px 24px",
      }
    }
  >
    <div
      className={undefined}
      style={
        Object {
          "alignItems": "center",
          "display": "flex",
          "justifyContent": "space-between",
          "marginLeft": -24,
          "marginRight": undefined,
          "muiPrepared": true,
          "position": "relative",
        }
      }
    >
      <img
        alt="Caged-Bird"
        height={50}
        onClick={[Function]}
        src="Cagebird.png"
        style={
          Object {
            "borderRadius": 5,
            "marginBottom": 3,
            "marginLeft": 5,
            "marginRight": 5,
            "marginTop": 3,
          }
        }
        width={60}
      />
      <img
        alt="Caged-Bird"
        height={56}
        onClick={[Function]}
        src="Artboard 3 copy 11.png"
        style={
          Object {
            "marginBottom": 3,
            "marginRight": 50,
            "marginTop": 3,
          }
        }
        width={200}
      />
    </div>
    <div
      className={undefined}
      style={
        Object {
          "alignItems": "center",
          "display": "flex",
          "justifyContent": "space-between",
          "marginLeft": undefined,
          "marginRight": undefined,
          "muiPrepared": true,
          "position": "relative",
        }
      }
    >
      <img
        alt="Caged-Bird"
        height={48}
        src="LOGO_WHITE.png"
        style={
          Object {
            "borderRadius": 5,
            "marginBottom": 3,
            "marginLeft": 5,
            "marginRight": 5,
            "marginTop": 3,
          }
        }
        width={120}
      />
    </div>
  </div>
</div>
`;
